// Vitest Snapshot v1, https://vitest.dev/guide/snapshot.html

exports[`Labor > renders html correctly 1`] = `
<div>
  <li
    class="_labor_f6e493"
  >
    <div
      class="_header_f6e493"
    >
      <div
        class="_group_f6e493"
      >
        <div
          class="_title_f6e493"
        >
          Job Title
        </div>
        <span>
          ,
        </span>
        <div
          class="_highlight_f6e493"
        >
          Company
        </div>
      </div>
      <div>
        <div
          class="_location_f6e493"
        >
          Location
        </div>
        <div
          class="_time_f6e493"
        >
          <time
            datetime="2020-02"
          >
            February 2020
          </time>
          <span>
             - 
          </span>
          <time
            datetime="2024-02"
          >
            February 2024
          </time>
        </div>
      </div>
    </div>
  </li>
</div>
`;
